#! /usr/bin/vvp
:ivl_version "10.2 (stable)";
:ivl_delay_selection "TYPICAL";
:vpi_time_precision + 0;
:vpi_module "system";
:vpi_module "vhdl_sys";
:vpi_module "v2005_math";
:vpi_module "va_math";
S_0x5603ca7c4760 .scope module, "test" "test" 2 1;
 .timescale 0 0;
    .port_info 0 /INPUT 1 "test_in"
    .port_info 1 /OUTPUT 1 "test_out"
o0x7fba1ef3c018 .functor BUFZ 1, C4<z>; HiZ drive
L_0x5603ca81a620 .functor BUFZ 1, o0x7fba1ef3c018, C4<0>, C4<0>, C4<0>;
v0x5603ca7c48e0_0 .net "test_in", 0 0, o0x7fba1ef3c018;  0 drivers
v0x5603ca81a500_0 .net "test_out", 0 0, L_0x5603ca81a620;  1 drivers
# The file index is used to find the file name in the following table.
:file_names 3;
    "N/A";
    "<interactive>";
    "test.v";
